node.exe : (node:90996) ExperimentalWarning: Support for loading ES Module in require() is an experimental feature and 
might change at any time
At C:\Program Files\nodejs\npx.ps1:29 char:3
+   & $NODE_EXE $NPX_CLI_JS $args
+   ~~~~~~~~~~~~~~~~~~~~~~~~~~~~~
    + CategoryInfo          : NotSpecified: ((node:90996) Ex...nge at any time:String) [], RemoteException
    + FullyQualifiedErrorId : NativeCommandError
 
(Use `node --trace-warnings ...` to show where the warning was created)

 RUN  v3.2.4 C:/Users/cashokr/Cursor Workspace/ContainerLookup
      Coverage enabled with v8

 Γ£ô src/test/githubSync.test.ts > loadGithubSettings > returns defaults when nothing stored 4ms
 Γ£ô src/test/githubSync.test.ts > loadGithubSettings > returns stored values 1ms
 Γ£ô src/test/githubSync.test.ts > loadGithubSettings > handles corrupted localStorage gracefully 0ms
 Γ£ô src/test/githubSync.test.ts > saveGithubSettings > persists all fields 2ms
 Γ£ô src/test/githubSync.test.ts > fetchAutoTracking > returns null on network failure 3ms
 Γ£ô src/test/githubSync.test.ts > fetchAutoTracking > returns null on non-ok response 2ms
 Γ£ô src/test/githubSync.test.ts > fetchAutoTracking > returns parsed JSON on success 1ms
 Γ£ô src/test/githubSync.test.ts > triggerTrackingWorkflow > throws when GitHub API returns error 6ms
 Γ£ô src/test/githubSync.test.ts > triggerTrackingWorkflow > resolves on 204 No Content 2ms
 Γ£ô src/test/useAuthStore.test.ts > initialize ΓÇö no session > sets initialized=true with profile=null when no session 5ms
 Γ£ô src/test/useAuthStore.test.ts > initialize ΓÇö active session > loads profile and sets it when status is active 3ms
 Γ£ô src/test/useAuthStore.test.ts > initialize ΓÇö active session > signs out and sets profile=null when status is pending 3ms
 Γ£ô src/test/useAuthStore.test.ts > login > returns error message on auth failure 2ms
 Γ£ô src/test/useAuthStore.test.ts > login > sets profile on successful login with active account 2ms
 Γ£ô src/test/useAuthStore.test.ts > login > rejects pending accounts with informative message 3ms
 Γ£ô src/test/useAuthStore.test.ts > logout > clears profile and calls supabase signOut 1ms
 Γ£ô src/test/useAuthStore.test.ts > register > returns error when signup fails 1ms
 Γ£ô src/test/useAuthStore.test.ts > register > returns null and signs out on successful registration 2ms
 Γ£ô src/test/decisionEngine.test.ts > computeDecision ΓÇö EMPTY_RETURNED > returns Completed for EMPTY_RETURNED 4ms
 Γ£ô src/test/decisionEngine.test.ts > computeDecision ΓÇö no tracking data > returns Pending Review when no tracking data at all 1ms
 Γ£ô src/test/decisionEngine.test.ts > computeDecision ΓÇö IN_TRANSIT > Action Required when discharge date present 0ms
 Γ£ô src/test/decisionEngine.test.ts > computeDecision ΓÇö IN_TRANSIT > Action Required when carrier ETA differs from SAP ETA 1ms
 Γ£ô src/test/decisionEngine.test.ts > computeDecision ΓÇö IN_TRANSIT > Pending Review when SAP ETA is overdue and no discharge 2ms
 Γ£ô src/test/decisionEngine.test.ts > computeDecision ΓÇö IN_TRANSIT > No Update Required when in transit with matching ETA 1ms
 Γ£ô src/test/decisionEngine.test.ts > computeDecision ΓÇö DISCHARGED > Action Required when release date present 0ms
 Γ£ô src/test/decisionEngine.test.ts > computeDecision ΓÇö DISCHARGED > Action Required with both release and empty return dates 0ms
 Γ£ô src/test/decisionEngine.test.ts > computeDecision ΓÇö DISCHARGED > Pending Review when empty return present but no release date 0ms
 Γ£ô src/test/decisionEngine.test.ts > computeDecision ΓÇö DISCHARGED > No Update Required when only discharged, no release yet 0ms
 Γ£ô src/test/decisionEngine.test.ts > computeDecision ΓÇö RELEASED > Action Required when empty return date present 0ms
 Γ£ô src/test/decisionEngine.test.ts > computeDecision ΓÇö RELEASED > No Update Required when released but no empty return 0ms
 Γ£ô src/test/decisionEngine.test.ts > computePriority > High when Pending Review 0ms
 Γ£ô src/test/decisionEngine.test.ts > computePriority > High when booking number is missing 0ms
 Γ£ô src/test/decisionEngine.test.ts > computePriority > High when IN_TRANSIT and ETA overdue 0ms
 Γ£ô src/test/decisionEngine.test.ts > computePriority > Medium when DISCHARGED (< 5 days ago) 1ms
 Γ£ô src/test/decisionEngine.test.ts > computePriority > High when DISCHARGED > 5 days ago 0ms
 Γ£ô src/test/decisionEngine.test.ts > computePriority > Low when Completed 0ms
 Γ£ô src/test/decisionEngine.test.ts > computePriority > Medium when Update ETA in SAP 0ms
 Γ£ô src/test/decisionEngine.test.ts > sortContainers > sorts High before Medium before Low 2ms
 Γ£ô src/test/decisionEngine.test.ts > sortContainers > sorts by SAP status within same priority 0ms
 Γ£ô src/test/decisionEngine.test.ts > sortContainers > does not mutate original array 0ms
 Γ£ô src/test/sapParser.test.ts > parseFile ΓÇö CSV parsing > parses a valid CSV row into a ContainerRecord 75ms
 Γ£ô src/test/sapParser.test.ts > parseFile ΓÇö CSV parsing > normalises SAP status to IN_TRANSIT 2ms
 Γ£ô src/test/sapParser.test.ts > parseFile ΓÇö CSV parsing > normalises SAP status to DISCHARGED 1ms
 Γ£ô src/test/sapParser.test.ts > parseFile ΓÇö CSV parsing > normalises SAP status to RELEASED 1ms
 Γ£ô src/test/sapParser.test.ts > parseFile ΓÇö CSV parsing > normalises SAP status to EMPTY_RETURNED 3ms
 Γ£ô src/test/sapParser.test.ts > parseFile ΓÇö CSV parsing > skips rows with no booking number and no container number 1ms
 Γ£ô src/test/sapParser.test.ts > parseFile ΓÇö CSV parsing > parses multiple rows 2ms
 Γ£ô src/test/sapParser.test.ts > parseFile ΓÇö CSV parsing > applies column aliases ΓÇö "Booking No" works as booking number 1ms
 Γ£ô src/test/sapParser.test.ts > parseFile ΓÇö CSV parsing > applies column aliases ΓÇö "BL Number" maps to bookingNumber 1ms
 Γ£ô src/test/sapParser.test.ts > parseFile ΓÇö CSV parsing > initialises carrier tracking fields as null 1ms
 Γ£ô src/test/sapParser.test.ts > parseFile ΓÇö CSV parsing > computes initial reviewStatus and priority 1ms
 Γ£ô src/test/sapParser.test.ts > parseFile ΓÇö unsupported type > throws for unsupported file extensions 3ms
 Γ£ô src/test/useStore.test.ts > setCurrentUser > updates the current user name 4ms
 Γ£ô src/test/useStore.test.ts > setManualPriority > sets a manual priority override 2ms
 Γ£ô src/test/useStore.test.ts > setManualPriority > clears manual priority when null is passed 0ms
 Γ£ô src/test/useStore.test.ts > setManualPriority > ignores unknown ids silently 3ms
 Γ£ô src/test/useStore.test.ts > setReviewStatus > sets review status and marks as user-set 1ms
 Γ£ô src/test/useStore.test.ts > setReviewStatus > allows setting to Auto-Reviewed 0ms
 Γ£ô src/test/useStore.test.ts > updateNotes > updates internal notes 1ms
 Γ£ô src/test/useStore.test.ts > updateAssignedTo > assigns container to a user 1ms
 Γ£ô src/test/useStore.test.ts > mergeAutoTracking > merges carrier ETA into matching container 4ms
 Γ£ô src/test/useStore.test.ts > mergeAutoTracking > skips containers not in results 0ms
 Γ£ô src/test/useStore.test.ts > mergeAutoTracking > sets Auto-Reviewed when no update needed and reviewStatusUserSet is false 1ms
 Γ£ô src/test/useStore.test.ts > mergeAutoTracking > preserves user-set review status when reviewStatusUserSet is true 1ms
 Γ£ô src/test/useStore.test.ts > mergeAutoTracking > preserves manualPriority across merge 1ms
 Γ£ô src/test/useStore.test.ts > markChecked > sets markedChecked and appends to history 1ms
 Γ£ô src/test/useStore.test.ts > clearAllContainers > removes all containers and sessions 1ms
 Γ£ô src/test/useStore.test.ts > recomputeAll > recomputes decisions for all containers 1ms
 Γ£ô src/test/useStore.test.ts > recomputeAll > preserves user-set review status 0ms
 Γ£ô src/test/FilterBar.test.tsx > FilterBar ΓÇö basic render > renders the search input 150ms
 Γ£ô src/test/FilterBar.test.tsx > FilterBar ΓÇö basic render > calls onChange when search input changes 27ms
 Γ£ô src/test/FilterBar.test.tsx > FilterBar ΓÇö basic render > shows "active" badge when a filter is set 41ms
 Γ£ô src/test/FilterBar.test.tsx > FilterBar ΓÇö basic render > does not show active badge when no filters set 20ms
 Γ£ô src/test/FilterBar.test.tsx > FilterBar ΓÇö basic render > shows carriers from the store as select options 33ms
 Γ£ô src/test/FilterBar.test.tsx > FilterBar ΓÇö basic render > clears all filters when Clear button is clicked 33ms
 Γ£ô src/test/FilterBar.test.tsx > FilterBar ΓÇö admin "All Users" filter > does not show "All Users" dropdown for regular users 25ms
 Γ£ô src/test/FilterBar.test.tsx > FilterBar ΓÇö admin "All Users" filter > shows "All Users" dropdown for admins when uploaders exist 39ms
 Γ£ô src/test/FilterBar.test.tsx > FilterBar ΓÇö admin "All Users" filter > does not show "All Users" for admin when no uploaders 17ms
 Γ£ô src/test/FilterBar.test.tsx > FilterBar ΓÇö admin "All Users" filter > calls onChange with uploadedBy when admin selects a user 30ms

 Test Files  6 passed (6)
      Tests  79 passed (79)
   Start at  10:43:34
   Duration  17.24s (transform 781ms, setup 6.87s, collect 18.82s, tests 611ms, environment 49.31s, prepare 6.08s)

 % Coverage report from v8
-------------------|---------|----------|---------|---------|-------------------
File               | % Stmts | % Branch | % Funcs | % Lines | Uncovered Line #s 
-------------------|---------|----------|---------|---------|-------------------
All files          |   46.88 |       81 |   55.88 |   46.88 |                   
 components        |     100 |      100 |      50 |     100 |                   
  FilterBar.tsx    |     100 |      100 |      50 |     100 |                   
 lib               |   37.66 |    80.68 |   58.62 |   37.66 |                   
  auth.ts          |       0 |        0 |       0 |       0 | 1-259             
  carriers.ts      |       0 |        0 |       0 |       0 | 1-119             
  cn.ts            |       0 |        0 |       0 |       0 | 1-6               
  ...sionEngine.ts |   90.11 |    81.25 |     100 |   90.11 | ...70-172,209-211 
  ...Normalizer.ts |   63.55 |       85 |      50 |   63.55 | ...20-121,125-126 
  exporter.ts      |       0 |        0 |       0 |       0 | 1-65              
  githubSync.ts    |   33.08 |     90.9 |      50 |   33.08 | 11-62,138-187     
  sapParser.ts     |   87.02 |       84 |      75 |   87.02 | 121-122,127-141   
  storage.ts       |       0 |        0 |       0 |       0 | 1-31              
  uuid.ts          |     100 |      100 |     100 |     100 |                   
 store             |   55.43 |    76.92 |   55.17 |   55.43 |                   
  useAuthStore.ts  |    46.1 |    57.69 |   41.66 |    46.1 | ...20-222,225-244 
  useStore.ts      |   60.91 |    84.61 |    64.7 |   60.91 | ...03-224,244-253 
-------------------|---------|----------|---------|---------|-------------------
